// Jest Snapshot v1, https://goo.gl/fbAQLP

exports[`Matches shallow shapshot 1`] = `
<ul
  className="src-shared-components-TopcoderHeader-desktop-SubMenu-___style__opened-menu___2t7di"
  onMouseLeave={[Function]}
>
  <Item
    currentSubMenuTitle=""
    icon="icon url"
    link="menu url"
    title="title"
  />
</ul>
`;
