// Jest Snapshot v1, https://goo.gl/fbAQLP

exports[`Matches shallow shapshot 1`] = `
<a
  className="src-shared-components-LeaderboardAvatar-___style__leaderboard-avatar___3GHTf src-shared-components-LeaderboardAvatar-___style__light-gray___2hXZL"
  href="url"
>
  han
  <span
    className="src-shared-components-LeaderboardAvatar-___style__hidden___-vnvD"
  />
</a>
`;
