// Jest Snapshot v1, https://goo.gl/fbAQLP

exports[`Matches shallow shapshot 1`] = `
<div
  className="src-shared-components-Dashboard-CommunityUpdates-___styles__community-updates___avu0R"
>
  <header>
    <h1
      className="src-shared-components-Dashboard-CommunityUpdates-___styles__section-title___3c5vb"
    >
      From the Community Blog
    </h1>
  </header>
  <div
    className="src-shared-components-Dashboard-CommunityUpdates-___styles__posts___30jO_"
  >
    <div
      className="src-shared-components-Dashboard-CommunityUpdates-___styles__post___3Ym8I"
    >
      <div
        className="src-shared-components-Dashboard-CommunityUpdates-___styles__blog-link___3G-rk"
      >
        <a
          href="http"
          rel="noopener noreferrer"
          target="_blank"
          title="title"
        >
          title
        </a>
      </div>
      <div
        className="src-shared-components-Dashboard-CommunityUpdates-___styles__description___1xI5M"
        dangerouslySetInnerHTML={
          Object {
            "__html": "description",
          }
        }
      />
    </div>
  </div>
  <div
    className="src-shared-components-Dashboard-CommunityUpdates-___styles__blog-links___2swU9"
  >
    <a
      href="https://www.topcoder-dev.com/blog/"
    >
      View More
    </a>
  </div>
</div>
`;
