// Jest Snapshot v1, https://goo.gl/fbAQLP

exports[`Matches shallow snapshot 1`] = `
<ImageText
  imageSrc="/themes/wipro/home/image-text-learn.jpg"
  link={null}
  text="You can learn and get certified donec facilisis tortor ut augue lacinia"
  theme={
    Object {
      "container": "src-shared-components-tc-communities-ImageText-___style__container___sFB20",
      "content": "src-shared-components-tc-communities-ImageText-___style__content___u-VBC",
      "contentInner": "src-shared-components-tc-communities-ImageText-___style__contentInner___3bVcG",
      "image": "src-shared-components-tc-communities-ImageText-___style__image___25fY3",
      "imageText": "src-shared-components-tc-communities-ImageText-___style__imageText___3Yfl8",
      "link": "src-shared-components-tc-communities-ImageText-___style__link___XUXfr",
      "linkWrap": "src-shared-components-tc-communities-ImageText-___style__linkWrap___YjoyB",
      "text": "src-shared-components-tc-communities-ImageText-___style__text___HypPk",
      "title": "src-shared-components-tc-communities-ImageText-___style__title___COlJG",
    }
  }
  title="Learn"
/>
`;
